PHPUnit 11.5.15 by Sebastian Bergmann and contributors.

Runtime:       PHP 8.2.12
Configuration: C:\Users\Home\Documents\TAC\Project\ETHIOCAB\ECAB_App\server\phpunit.xml

F                                                                   1 / 1 (100%)

Time: 00:01.959, Memory: 46.00 MB

There was 1 failure:

1) Tests\Feature\PoolingTest::test_independent_ride_completion
Expected response status code [200] but received 500.
Failed asserting that 500 is identical to 200.

C:\Users\Home\Documents\TAC\Project\ETHIOCAB\ECAB_App\server\vendor\laravel\framework\src\Illuminate\Testing\TestResponseAssert.php:45
C:\Users\Home\Documents\TAC\Project\ETHIOCAB\ECAB_App\server\vendor\laravel\framework\src\Illuminate\Testing\TestResponse.php:174
C:\Users\Home\Documents\TAC\Project\ETHIOCAB\ECAB_App\server\tests\Feature\PoolingTest.php:248

FAILURES!
Tests: 1, Assertions: 1, Failures: 1.
